2026-05-01 10:30:08,082 - Worker-0 - INFO - Downloaded https://www.stat.uci.edu, status <200>, using cache ('styx.ics.uci.edu', 9009).
2026-05-01 10:35:46,815 - Worker-0 - INFO - Downloaded https://www.ics.uci.edu, status <200>, using cache ('styx.ics.uci.edu', 9009).
2026-05-01 10:38:02,420 - Worker-0 - INFO - Downloaded https://www.ics.uci.edu, status <200>, using cache ('styx.ics.uci.edu', 9009).
2026-05-01 10:39:47,901 - Worker-0 - INFO - Downloaded https://www.stat.uci.edu, status <200>, using cache ('styx.ics.uci.edu', 9009).
2026-05-01 10:39:48,634 - Worker-0 - INFO - Downloaded https://stat.ics.uci.edu/slider/b-s-in-data-science, status <200>, using cache ('styx.ics.uci.edu', 9009).
2026-05-01 10:39:49,340 - Worker-0 - INFO - Downloaded https://stat.ics.uci.edu/?page_id=81, status <404>, using cache ('styx.ics.uci.edu', 9009).
2026-05-01 10:39:50,019 - Worker-0 - INFO - Downloaded https://stat.ics.uci.edu/distinguished-lecture-series, status <200>, using cache ('styx.ics.uci.edu', 9009).
2026-05-01 10:39:50,716 - Worker-0 - INFO - Downloaded https://stat.ics.uci.edu/statistics-seminar-series, status <200>, using cache ('styx.ics.uci.edu', 9009).
2026-05-01 10:39:51,416 - Worker-0 - INFO - Downloaded https://stat.ics.uci.edu/seminar-series, status <200>, using cache ('styx.ics.uci.edu', 9009).
2026-05-01 10:39:52,116 - Worker-0 - INFO - Downloaded https://oai.ics.uci.edu, status <200>, using cache ('styx.ics.uci.edu', 9009).
2026-05-01 10:39:52,824 - Worker-0 - INFO - Downloaded https://cs.ics.uci.edu, status <200>, using cache ('styx.ics.uci.edu', 9009).
2026-05-01 10:39:53,531 - Worker-0 - INFO - Downloaded https://cml.ics.uci.edu/aiml, status <200>, using cache ('styx.ics.uci.edu', 9009).
2026-05-01 10:39:54,358 - Worker-0 - INFO - Downloaded https://cml.ics.uci.edu/category/aiml, status <200>, using cache ('styx.ics.uci.edu', 9009).
2026-05-01 10:39:55,290 - Worker-0 - INFO - Downloaded https://cml.ics.uci.edu/category/aiml/page/2, status <200>, using cache ('styx.ics.uci.edu', 9009).
2026-05-01 10:39:56,162 - Worker-0 - INFO - Downloaded https://cml.ics.uci.edu/category/aiml/page/3, status <200>, using cache ('styx.ics.uci.edu', 9009).
2026-05-01 10:39:57,042 - Worker-0 - INFO - Downloaded https://cml.ics.uci.edu/category/aiml/page/4, status <200>, using cache ('styx.ics.uci.edu', 9009).
2026-05-01 10:39:57,749 - Worker-0 - INFO - Downloaded http://www.ics.uci.edu/~babaks/Site/Codes.html, status <404>, using cache ('styx.ics.uci.edu', 9009).
2026-05-01 10:39:58,348 - Worker-0 - INFO - Downloaded http://www.ics.uci.edu/~lboyles, status <500>, using cache ('styx.ics.uci.edu', 9009).
2026-05-01 10:39:58,954 - Worker-0 - INFO - Downloaded http://www.ics.uci.edu/~djp3, status <200>, using cache ('styx.ics.uci.edu', 9009).
2026-05-01 10:39:59,613 - Worker-0 - INFO - Downloaded http://luci.ics.uci.edu/LUCIinterace.html, status <404>, using cache ('styx.ics.uci.edu', 9009).
2026-05-01 10:40:00,286 - Worker-0 - INFO - Downloaded https://cml.ics.uci.edu/2012/09/fall-2012, status <200>, using cache ('styx.ics.uci.edu', 9009).
2026-05-01 10:40:00,990 - Worker-0 - INFO - Downloaded https://cml.ics.uci.edu/2012/08/2012_uaidomination, status <200>, using cache ('styx.ics.uci.edu', 9009).
2026-05-01 10:40:01,649 - Worker-0 - INFO - Downloaded https://cml.ics.uci.edu/2012/07/2012_fellowships, status <200>, using cache ('styx.ics.uci.edu', 9009).
2026-05-01 10:40:02,297 - Worker-0 - INFO - Downloaded https://cml.ics.uci.edu/2012/07/2012_icmlbestpaper, status <200>, using cache ('styx.ics.uci.edu', 9009).
2026-05-01 10:40:02,964 - Worker-0 - INFO - Downloaded https://cml.ics.uci.edu/2011/09/2011_scmlworkshop, status <200>, using cache ('styx.ics.uci.edu', 9009).
2026-05-01 10:40:03,628 - Worker-0 - INFO - Downloaded https://cml.ics.uci.edu/2011/09/2011_fellowships, status <200>, using cache ('styx.ics.uci.edu', 9009).
2026-05-01 10:40:04,288 - Worker-0 - INFO - Downloaded https://cml.ics.uci.edu/2011/09/2011_smythkdd, status <200>, using cache ('styx.ics.uci.edu', 9009).
2026-05-01 10:40:04,952 - Worker-0 - INFO - Downloaded https://cml.ics.uci.edu/2011/09/2011_wellingpami, status <200>, using cache ('styx.ics.uci.edu', 9009).
2026-05-01 10:40:05,622 - Worker-0 - INFO - Downloaded https://cml.ics.uci.edu/2010/09/2010_wellingeccv, status <200>, using cache ('styx.ics.uci.edu', 9009).
2026-05-01 10:40:06,288 - Worker-0 - INFO - Downloaded https://cml.ics.uci.edu/2010/07/2010_smythaaai, status <200>, using cache ('styx.ics.uci.edu', 9009).
2026-05-01 10:40:06,955 - Worker-0 - INFO - Downloaded https://cml.ics.uci.edu/2010/06/2010_baldicaianiello, status <200>, using cache ('styx.ics.uci.edu', 9009).
2026-05-01 10:40:07,619 - Worker-0 - INFO - Downloaded https://cml.ics.uci.edu/2010/05/2010_lixieintel, status <200>, using cache ('styx.ics.uci.edu', 9009).
2026-05-01 10:40:08,283 - Worker-0 - INFO - Downloaded https://cml.ics.uci.edu/2010/05/2010_vandykims, status <200>, using cache ('styx.ics.uci.edu', 9009).
2026-05-01 10:40:08,951 - Worker-0 - INFO - Downloaded https://cml.ics.uci.edu/2010/04/2010_linsf, status <200>, using cache ('styx.ics.uci.edu', 9009).
2026-05-01 10:40:09,615 - Worker-0 - INFO - Downloaded https://cml.ics.uci.edu/2010/04/2010_newmaneager, status <200>, using cache ('styx.ics.uci.edu', 9009).
2026-05-01 10:40:10,283 - Worker-0 - INFO - Downloaded https://cml.ics.uci.edu/2009/10/2009_marr, status <200>, using cache ('styx.ics.uci.edu', 9009).
2026-05-01 10:40:10,946 - Worker-0 - INFO - Downloaded https://cml.ics.uci.edu/2009/10/2009_speakerseries0910, status <200>, using cache ('styx.ics.uci.edu', 9009).
2026-05-01 10:40:11,627 - Worker-0 - INFO - Downloaded https://cml.ics.uci.edu/2009/10/2009_li2009, status <200>, using cache ('styx.ics.uci.edu', 9009).
2026-05-01 10:40:12,295 - Worker-0 - INFO - Downloaded https://cml.ics.uci.edu/2009/06/2009_smythaward, status <200>, using cache ('styx.ics.uci.edu', 9009).
2026-05-01 10:40:12,975 - Worker-0 - INFO - Downloaded https://cml.ics.uci.edu/2009/04/2009_fellowships, status <200>, using cache ('styx.ics.uci.edu', 9009).
2026-05-01 10:40:13,642 - Worker-0 - INFO - Downloaded https://cml.ics.uci.edu/2009/02/2009_yahoogift2, status <200>, using cache ('styx.ics.uci.edu', 9009).
2026-05-01 10:40:14,304 - Worker-0 - INFO - Downloaded https://cml.ics.uci.edu/2008/12/2008_fowlkesgrant, status <200>, using cache ('styx.ics.uci.edu', 9009).
2026-05-01 10:40:14,972 - Worker-0 - INFO - Downloaded https://cml.ics.uci.edu/2008/10/2008_vision, status <200>, using cache ('styx.ics.uci.edu', 9009).
2026-05-01 10:40:15,631 - Worker-0 - INFO - Downloaded https://cml.ics.uci.edu/2008/09/2008_networkgrant, status <200>, using cache ('styx.ics.uci.edu', 9009).
2026-05-01 10:40:16,296 - Worker-0 - INFO - Downloaded https://cml.ics.uci.edu/2008/09/2008_speakerseries0809, status <200>, using cache ('styx.ics.uci.edu', 9009).
2026-05-01 10:40:16,929 - Worker-0 - INFO - Downloaded http://vision.ics.uci.edu/sccv, status <200>, using cache ('styx.ics.uci.edu', 9009).
2026-05-01 10:40:17,562 - Worker-0 - INFO - Downloaded http://vision.ics.uci.edu/sccv/2008, status <200>, using cache ('styx.ics.uci.edu', 9009).
2026-05-01 10:40:18,188 - Worker-0 - INFO - Downloaded http://vision.ics.uci.edu/sccv/2009, status <200>, using cache ('styx.ics.uci.edu', 9009).
2026-05-01 10:40:18,816 - Worker-0 - INFO - Downloaded http://vision.ics.uci.edu/sccv/schedule.html, status <404>, using cache ('styx.ics.uci.edu', 9009).
2026-05-01 10:40:19,416 - Worker-0 - INFO - Downloaded http://vision.ics.uci.edu/sccv/attendees.html, status <404>, using cache ('styx.ics.uci.edu', 9009).
2026-05-01 10:40:20,020 - Worker-0 - INFO - Downloaded http://vision.ics.uci.edu/sccv/2010, status <200>, using cache ('styx.ics.uci.edu', 9009).
2026-05-01 10:40:20,679 - Worker-0 - INFO - Downloaded http://cml.ics.uci.edu/?page=events&subPage=aiml, status <404>, using cache ('styx.ics.uci.edu', 9009).
2026-05-01 10:40:21,402 - Worker-0 - INFO - Downloaded http://www.ics.uci.edu/community/news/press/view_press?id=94, status <404>, using cache ('styx.ics.uci.edu', 9009).
2026-05-01 10:40:22,037 - Worker-0 - INFO - Downloaded https://cml.ics.uci.edu/2009/10/2009_speakerseries0910?page=events&subPage=dss_schedule, status <200>, using cache ('styx.ics.uci.edu', 9009).
2026-05-01 10:40:22,664 - Worker-0 - INFO - Downloaded http://vision.ics.uci.edu, status <200>, using cache ('styx.ics.uci.edu', 9009).
2026-05-01 10:40:23,405 - Worker-0 - INFO - Downloaded http://www.ics.uci.edu/grad/admissions/index.php, status <200>, using cache ('styx.ics.uci.edu', 9009).
2026-05-01 10:40:24,171 - Worker-0 - INFO - Downloaded http://www.ics.uci.edu/accessibility-statement, status <200>, using cache ('styx.ics.uci.edu', 9009).
2026-05-01 10:40:24,818 - Worker-0 - INFO - Downloaded http://www.ics.uci.edu/people, status <608>, using cache ('styx.ics.uci.edu', 9009).
2026-05-01 10:40:25,465 - Worker-0 - INFO - Downloaded http://swiki.ics.uci.edu/doku.php, status <200>, using cache ('styx.ics.uci.edu', 9009).
2026-05-01 10:40:26,189 - Worker-0 - INFO - Downloaded http://swiki.ics.uci.edu/doku.php/start?do=export_pdf, status <200>, using cache ('styx.ics.uci.edu', 9009).
2026-05-01 10:40:26,903 - Worker-0 - INFO - Downloaded http://swiki.ics.uci.edu/doku.php/start?do=edit, status <200>, using cache ('styx.ics.uci.edu', 9009).
2026-05-01 10:40:27,568 - Worker-0 - INFO - Downloaded http://swiki.ics.uci.edu/doku.php/accounts:new_user_guide, status <200>, using cache ('styx.ics.uci.edu', 9009).
2026-05-01 10:40:28,272 - Worker-0 - INFO - Downloaded http://swiki.ics.uci.edu/doku.php/accounts:new_user_guide?do=export_pdf, status <200>, using cache ('styx.ics.uci.edu', 9009).
2026-05-01 10:40:28,967 - Worker-0 - INFO - Downloaded http://swiki.ics.uci.edu/doku.php/accounts:new_user_guide?do=edit, status <200>, using cache ('styx.ics.uci.edu', 9009).
2026-05-01 10:40:29,631 - Worker-0 - INFO - Downloaded http://swiki.ics.uci.edu/doku.php/accounts:new_user_guide?do=, status <200>, using cache ('styx.ics.uci.edu', 9009).
2026-05-01 10:40:30,303 - Worker-0 - INFO - Downloaded http://swiki.ics.uci.edu/doku.php/services:network, status <200>, using cache ('styx.ics.uci.edu', 9009).
2026-05-01 10:40:30,995 - Worker-0 - INFO - Downloaded http://swiki.ics.uci.edu/doku.php/services:network?do=login&sectok=, status <200>, using cache ('styx.ics.uci.edu', 9009).
2026-05-01 10:40:31,663 - Worker-0 - INFO - Downloaded http://swiki.ics.uci.edu/doku.php/services:network?do=index, status <200>, using cache ('styx.ics.uci.edu', 9009).
2026-05-01 10:40:32,332 - Worker-0 - INFO - Downloaded http://swiki.ics.uci.edu/doku.php/sidebar, status <200>, using cache ('styx.ics.uci.edu', 9009).
2026-05-01 10:40:33,058 - Worker-0 - INFO - Downloaded http://swiki.ics.uci.edu/doku.php/sidebar?do=export_pdf, status <200>, using cache ('styx.ics.uci.edu', 9009).
2026-05-01 10:40:33,731 - Worker-0 - INFO - Downloaded http://swiki.ics.uci.edu/doku.php/sidebar?do=edit, status <200>, using cache ('styx.ics.uci.edu', 9009).
2026-05-01 10:40:34,382 - Worker-0 - INFO - Downloaded http://swiki.ics.uci.edu/doku.php/sidebar?do=, status <200>, using cache ('styx.ics.uci.edu', 9009).
2026-05-01 10:40:35,050 - Worker-0 - INFO - Downloaded http://swiki.ics.uci.edu/doku.php/sidebar?do=login&sectok=, status <200>, using cache ('styx.ics.uci.edu', 9009).
2026-05-01 10:40:35,717 - Worker-0 - INFO - Downloaded http://swiki.ics.uci.edu/doku.php/sidebar?do=index, status <200>, using cache ('styx.ics.uci.edu', 9009).
2026-05-01 10:40:36,381 - Worker-0 - INFO - Downloaded http://swiki.ics.uci.edu/doku.php/sidebar?idx=wiki, status <200>, using cache ('styx.ics.uci.edu', 9009).
2026-05-01 10:40:37,093 - Worker-0 - INFO - Downloaded http://swiki.ics.uci.edu/doku.php/wiki:syntax, status <200>, using cache ('styx.ics.uci.edu', 9009).
2026-05-01 10:40:37,917 - Worker-0 - INFO - Downloaded http://swiki.ics.uci.edu/doku.php/wiki:syntax?do=export_pdf, status <200>, using cache ('styx.ics.uci.edu', 9009).
2026-05-01 10:40:38,715 - Worker-0 - INFO - Downloaded http://swiki.ics.uci.edu/doku.php/wiki:syntax?do=edit, status <200>, using cache ('styx.ics.uci.edu', 9009).
2026-05-01 10:40:39,375 - Worker-0 - INFO - Downloaded http://swiki.ics.uci.edu/doku.php/wiki:syntax?do=export_code&codeblock=6, status <200>, using cache ('styx.ics.uci.edu', 9009).
2026-05-01 10:40:39,993 - Worker-0 - INFO - Downloaded http://swiki.ics.uci.edu/lib/exe/fetch.php?tok=d77876&media=http%3A%2F%2Fde3.php.net%2Fimages%2Fphp.gif, status <601>, using cache ('styx.ics.uci.edu', 9009).
2026-05-01 10:40:40,624 - Worker-0 - INFO - Downloaded http://swiki.ics.uci.edu/doku.php/wiki:nonexisting, status <200>, using cache ('styx.ics.uci.edu', 9009).
2026-05-01 10:40:41,292 - Worker-0 - INFO - Downloaded http://swiki.ics.uci.edu/doku.php/wiki:nonexisting?do=edit, status <200>, using cache ('styx.ics.uci.edu', 9009).
2026-05-01 10:40:41,956 - Worker-0 - INFO - Downloaded http://swiki.ics.uci.edu/doku.php/wiki:nonexisting?do=login&sectok=, status <200>, using cache ('styx.ics.uci.edu', 9009).
2026-05-01 10:40:42,621 - Worker-0 - INFO - Downloaded http://swiki.ics.uci.edu/doku.php/wiki:nonexisting?do=index, status <200>, using cache ('styx.ics.uci.edu', 9009).
2026-05-01 10:40:43,288 - Worker-0 - INFO - Downloaded http://swiki.ics.uci.edu/doku.php/wiki:nonexisting?do=media&ns=wiki, status <200>, using cache ('styx.ics.uci.edu', 9009).
2026-05-01 10:40:43,965 - Worker-0 - INFO - Downloaded http://swiki.ics.uci.edu/doku.php/wiki:nonexisting?image=wiki%3Alogo.png&ns=wiki&tab_details=view&do=media, status <200>, using cache ('styx.ics.uci.edu', 9009).
2026-05-01 10:40:44,633 - Worker-0 - INFO - Downloaded http://swiki.ics.uci.edu/doku.php/wiki:nonexisting?tab_details=history&do=media&image=wiki%3Alogo.png&ns=wiki, status <200>, using cache ('styx.ics.uci.edu', 9009).
2026-05-01 10:40:45,304 - Worker-0 - INFO - Downloaded http://swiki.ics.uci.edu/doku.php/wiki:nonexisting?tab_details=view&do=media&image=wiki%3Alogo.png&ns=wiki, status <200>, using cache ('styx.ics.uci.edu', 9009).
2026-05-01 10:40:45,972 - Worker-0 - INFO - Downloaded http://swiki.ics.uci.edu/doku.php/wiki:nonexisting?tab_files=search&do=media&tab_details=history&image=wiki%3Alogo.png&ns=wiki, status <200>, using cache ('styx.ics.uci.edu', 9009).
2026-05-01 10:40:46,644 - Worker-0 - INFO - Downloaded http://swiki.ics.uci.edu/doku.php/wiki:nonexisting?tab_details=view&do=media&tab_files=search&image=wiki%3Alogo.png&ns=wiki, status <200>, using cache ('styx.ics.uci.edu', 9009).
2026-05-01 10:40:47,312 - Worker-0 - INFO - Downloaded http://swiki.ics.uci.edu/doku.php/wiki:nonexisting?tab_details=history&do=media&tab_files=search&image=wiki%3Alogo.png&ns=wiki, status <200>, using cache ('styx.ics.uci.edu', 9009).
2026-05-01 10:40:47,975 - Worker-0 - INFO - Downloaded http://swiki.ics.uci.edu/doku.php/wiki:nonexisting?tab_files=files&do=media&tab_details=view&image=wiki%3Alogo.png&ns=wiki, status <200>, using cache ('styx.ics.uci.edu', 9009).
2026-05-01 10:40:48,637 - Worker-0 - INFO - Downloaded http://swiki.ics.uci.edu/doku.php/wiki:nonexisting?tab_files=files&do=media&tab_details=history&image=wiki%3Alogo.png&ns=wiki, status <200>, using cache ('styx.ics.uci.edu', 9009).
2026-05-01 10:40:49,296 - Worker-0 - INFO - Downloaded http://swiki.ics.uci.edu/doku.php/wiki:nonexisting?tab_files=upload&do=media&tab_details=history&image=wiki%3Alogo.png&ns=wiki, status <200>, using cache ('styx.ics.uci.edu', 9009).
2026-05-01 10:40:49,966 - Worker-0 - INFO - Downloaded http://swiki.ics.uci.edu/doku.php/wiki:nonexisting?tab_details=view&do=media&tab_files=upload&image=wiki%3Alogo.png&ns=wiki, status <200>, using cache ('styx.ics.uci.edu', 9009).
2026-05-01 10:40:50,634 - Worker-0 - INFO - Downloaded http://swiki.ics.uci.edu/doku.php/wiki:nonexisting?tab_details=history&do=media&tab_files=upload&image=wiki%3Alogo.png&ns=wiki, status <200>, using cache ('styx.ics.uci.edu', 9009).
2026-05-01 10:40:51,304 - Worker-0 - INFO - Downloaded http://swiki.ics.uci.edu/doku.php/wiki:nonexisting?ns=windows&tab_files=files&do=media&tab_details=history&image=wiki%3Alogo.png, status <200>, using cache ('styx.ics.uci.edu', 9009).
2026-05-01 10:40:51,973 - Worker-0 - INFO - Downloaded http://swiki.ics.uci.edu/doku.php/wiki:nonexisting?tab_details=view&do=media&tab_files=files&image=wiki%3Alogo.png&ns=windows, status <200>, using cache ('styx.ics.uci.edu', 9009).
2026-05-01 10:40:52,645 - Worker-0 - INFO - Downloaded http://swiki.ics.uci.edu/doku.php/wiki:nonexisting?tab_files=search&do=media&tab_details=history&image=wiki%3Alogo.png&ns=windows, status <200>, using cache ('styx.ics.uci.edu', 9009).
2026-05-01 10:40:53,301 - Worker-0 - INFO - Downloaded http://swiki.ics.uci.edu/doku.php/wiki:nonexisting?tab_files=upload&do=media&tab_details=history&image=wiki%3Alogo.png&ns=windows, status <200>, using cache ('styx.ics.uci.edu', 9009).
2026-05-01 10:40:53,958 - Worker-0 - INFO - Downloaded http://swiki.ics.uci.edu/doku.php/wiki:nonexisting?ns=wiki&tab_files=files&do=media&tab_details=history&image=wiki%3Alogo.png, status <200>, using cache ('styx.ics.uci.edu', 9009).
2026-05-01 10:40:54,612 - Worker-0 - INFO - Downloaded http://swiki.ics.uci.edu/doku.php/wiki:nonexisting?ns=webapps&tab_files=files&do=media&tab_details=history&image=wiki%3Alogo.png, status <200>, using cache ('styx.ics.uci.edu', 9009).
2026-05-01 10:40:55,266 - Worker-0 - INFO - Downloaded http://swiki.ics.uci.edu/doku.php/wiki:nonexisting?tab_details=view&do=media&tab_files=files&image=wiki%3Alogo.png&ns=webapps, status <200>, using cache ('styx.ics.uci.edu', 9009).
2026-05-01 10:40:55,933 - Worker-0 - INFO - Downloaded http://swiki.ics.uci.edu/doku.php/wiki:nonexisting?tab_details=history&do=media&tab_files=files&image=wiki%3Alogo.png&ns=webapps, status <200>, using cache ('styx.ics.uci.edu', 9009).
2026-05-01 10:40:56,593 - Worker-0 - INFO - Downloaded http://swiki.ics.uci.edu/doku.php/wiki:nonexisting?tab_files=search&do=media&tab_details=view&image=wiki%3Alogo.png&ns=webapps, status <200>, using cache ('styx.ics.uci.edu', 9009).
2026-05-01 10:40:57,246 - Worker-0 - INFO - Downloaded http://swiki.ics.uci.edu/doku.php/wiki:nonexisting?tab_files=upload&do=media&tab_details=view&image=wiki%3Alogo.png&ns=webapps, status <200>, using cache ('styx.ics.uci.edu', 9009).
2026-05-01 10:40:57,904 - Worker-0 - INFO - Downloaded http://swiki.ics.uci.edu/doku.php/wiki:nonexisting?ns=webapps%3Apasted&tab_files=files&do=media&tab_details=view&image=wiki%3Alogo.png, status <200>, using cache ('styx.ics.uci.edu', 9009).
2026-05-01 10:40:58,551 - Worker-0 - INFO - Downloaded http://swiki.ics.uci.edu/doku.php/wiki:nonexisting?tab_details=history&do=media&tab_files=files&image=wiki%3Alogo.png&ns=webapps%3Apasted, status <200>, using cache ('styx.ics.uci.edu', 9009).
2026-05-01 10:40:59,194 - Worker-0 - INFO - Downloaded http://swiki.ics.uci.edu/doku.php/wiki:nonexisting?image=webapps%3Apasted%3Asnapshot_signage.png&ns=webapps%3Apasted&tab_details=view&do=media&tab_files=files, status <200>, using cache ('styx.ics.uci.edu', 9009).
2026-05-01 10:40:59,851 - Worker-0 - INFO - Downloaded http://swiki.ics.uci.edu/doku.php/webapps:signage, status <200>, using cache ('styx.ics.uci.edu', 9009).
2026-05-01 10:41:00,585 - Worker-0 - INFO - Downloaded http://swiki.ics.uci.edu/doku.php/webapps:signage?do=export_pdf, status <200>, using cache ('styx.ics.uci.edu', 9009).
2026-05-01 10:41:01,298 - Worker-0 - INFO - Downloaded http://swiki.ics.uci.edu/doku.php/webapps:signage?do=edit, status <200>, using cache ('styx.ics.uci.edu', 9009).
2026-05-01 10:41:01,955 - Worker-0 - INFO - Downloaded http://swiki.ics.uci.edu/doku.php/webapps:signage?do=, status <200>, using cache ('styx.ics.uci.edu', 9009).
2026-05-01 10:41:02,580 - Worker-0 - INFO - Downloaded http://signage.ics.uci.edu, status <200>, using cache ('styx.ics.uci.edu', 9009).
2026-05-01 10:41:03,191 - Worker-0 - INFO - Downloaded http://signage.ics.uci.edu/site/login, status <200>, using cache ('styx.ics.uci.edu', 9009).
2026-05-01 10:41:03,803 - Worker-0 - INFO - Downloaded http://signage.ics.uci.edu/site/index, status <200>, using cache ('styx.ics.uci.edu', 9009).
2026-05-01 10:41:04,451 - Worker-0 - INFO - Downloaded http://swiki.ics.uci.edu/doku.php/webapps:netreg, status <200>, using cache ('styx.ics.uci.edu', 9009).
2026-05-01 10:41:05,144 - Worker-0 - INFO - Downloaded http://swiki.ics.uci.edu/doku.php/webapps:netreg?do=export_pdf, status <200>, using cache ('styx.ics.uci.edu', 9009).
2026-05-01 10:41:05,829 - Worker-0 - INFO - Downloaded http://swiki.ics.uci.edu/doku.php/webapps:netreg?do=edit, status <200>, using cache ('styx.ics.uci.edu', 9009).
2026-05-01 10:41:06,487 - Worker-0 - INFO - Downloaded http://swiki.ics.uci.edu/doku.php/webapps:netreg?do=, status <200>, using cache ('styx.ics.uci.edu', 9009).
2026-05-01 10:41:07,143 - Worker-0 - INFO - Downloaded https://wiki.ics.uci.edu/doku.php/accounts:accounts, status <200>, using cache ('styx.ics.uci.edu', 9009).
2026-05-01 10:41:07,854 - Worker-0 - INFO - Downloaded https://wiki.ics.uci.edu/doku.php/accounts:accounts?do=export_pdf, status <200>, using cache ('styx.ics.uci.edu', 9009).
2026-05-01 10:41:08,538 - Worker-0 - INFO - Downloaded https://wiki.ics.uci.edu/doku.php/accounts:accounts?do=edit, status <200>, using cache ('styx.ics.uci.edu', 9009).
2026-05-01 10:41:09,201 - Worker-0 - INFO - Downloaded https://wiki.ics.uci.edu/doku.php/accounts:accounts?do=, status <200>, using cache ('styx.ics.uci.edu', 9009).
2026-05-01 10:41:09,859 - Worker-0 - INFO - Downloaded https://onboarding.ics.uci.edu, status <200>, using cache ('styx.ics.uci.edu', 9009).
2026-05-01 10:41:10,512 - Worker-0 - INFO - Downloaded https://wiki.ics.uci.edu/doku.php/hardware:laptops, status <200>, using cache ('styx.ics.uci.edu', 9009).
2026-05-01 10:41:11,218 - Worker-0 - INFO - Downloaded https://wiki.ics.uci.edu/doku.php/hardware:laptops?do=export_pdf, status <200>, using cache ('styx.ics.uci.edu', 9009).
2026-05-01 10:41:11,902 - Worker-0 - INFO - Downloaded https://wiki.ics.uci.edu/doku.php/hardware:laptops?do=edit, status <200>, using cache ('styx.ics.uci.edu', 9009).
2026-05-01 10:41:12,552 - Worker-0 - INFO - Downloaded https://wiki.ics.uci.edu/doku.php/hardware:laptops?do=, status <200>, using cache ('styx.ics.uci.edu', 9009).
2026-05-01 10:41:13,171 - Worker-0 - INFO - Downloaded https://support.ics.uci.edu/laptops, status <200>, using cache ('styx.ics.uci.edu', 9009).
2026-05-01 10:41:13,790 - Worker-0 - INFO - Downloaded https://support.ics.uci.edu/comp_checkout/web/site/login, status <200>, using cache ('styx.ics.uci.edu', 9009).
2026-05-01 10:41:14,406 - Worker-0 - INFO - Downloaded https://support.ics.uci.edu/comp_checkout/web/site/index, status <200>, using cache ('styx.ics.uci.edu', 9009).
2026-05-01 10:41:15,030 - Worker-0 - INFO - Downloaded https://support.ics.uci.edu/comp_checkout/web, status <200>, using cache ('styx.ics.uci.edu', 9009).
2026-05-01 10:41:15,672 - Worker-0 - INFO - Downloaded https://wiki.ics.uci.edu/doku.php/hardware:wifi, status <200>, using cache ('styx.ics.uci.edu', 9009).
2026-05-01 10:41:16,382 - Worker-0 - INFO - Downloaded https://wiki.ics.uci.edu/doku.php/hardware:wifi?do=export_pdf, status <200>, using cache ('styx.ics.uci.edu', 9009).
2026-05-01 10:41:17,075 - Worker-0 - INFO - Downloaded https://wiki.ics.uci.edu/doku.php/hardware:wifi?do=edit, status <200>, using cache ('styx.ics.uci.edu', 9009).
2026-05-01 10:41:17,732 - Worker-0 - INFO - Downloaded https://wiki.ics.uci.edu/doku.php/hardware:wifi?do=, status <200>, using cache ('styx.ics.uci.edu', 9009).
2026-05-01 10:41:18,401 - Worker-0 - INFO - Downloaded https://wiki.ics.uci.edu/doku.php/hardware:wifi?do=login&sectok=, status <200>, using cache ('styx.ics.uci.edu', 9009).
2026-05-01 10:41:19,066 - Worker-0 - INFO - Downloaded https://wiki.ics.uci.edu/doku.php/hardware:wifi?do=index, status <200>, using cache ('styx.ics.uci.edu', 9009).
2026-05-01 10:41:19,722 - Worker-0 - INFO - Downloaded https://wiki.ics.uci.edu/doku.php/sidebar, status <200>, using cache ('styx.ics.uci.edu', 9009).
2026-05-01 10:41:20,388 - Worker-0 - INFO - Downloaded https://wiki.ics.uci.edu/doku.php/hardware:wifi?idx=wiki, status <200>, using cache ('styx.ics.uci.edu', 9009).
2026-05-01 10:41:21,035 - Worker-0 - INFO - Downloaded https://wiki.ics.uci.edu/doku.php/hardware:wifi?idx=webapps, status <200>, using cache ('styx.ics.uci.edu', 9009).
2026-05-01 10:41:21,707 - Worker-0 - INFO - Downloaded https://wiki.ics.uci.edu/doku.php/webapps:signage, status <200>, using cache ('styx.ics.uci.edu', 9009).
2026-05-01 10:41:22,372 - Worker-0 - INFO - Downloaded https://wiki.ics.uci.edu/doku.php/webapps:purchase, status <200>, using cache ('styx.ics.uci.edu', 9009).
2026-05-01 10:41:23,099 - Worker-0 - INFO - Downloaded https://wiki.ics.uci.edu/doku.php/webapps:purchase?do=export_pdf, status <200>, using cache ('styx.ics.uci.edu', 9009).
2026-05-01 10:41:23,763 - Worker-0 - INFO - Downloaded https://wiki.ics.uci.edu/doku.php/webapps:purchase?do=edit, status <200>, using cache ('styx.ics.uci.edu', 9009).
2026-05-01 10:41:24,419 - Worker-0 - INFO - Downloaded https://wiki.ics.uci.edu/doku.php/webapps:purchase?do=, status <200>, using cache ('styx.ics.uci.edu', 9009).
2026-05-01 10:41:25,057 - Worker-0 - INFO - Downloaded https://rt5.ics.uci.edu, status <200>, using cache ('styx.ics.uci.edu', 9009).
2026-05-01 10:41:25,710 - Worker-0 - INFO - Downloaded https://wiki.ics.uci.edu/doku.php/group:support:software:ics_applications:purchase, status <200>, using cache ('styx.ics.uci.edu', 9009).
2026-05-01 10:41:26,333 - Worker-0 - INFO - Downloaded https://purchase.ics.uci.edu, status <200>, using cache ('styx.ics.uci.edu', 9009).
2026-05-01 10:41:26,957 - Worker-0 - INFO - Downloaded https://purchase.ics.uci.edu/site/login, status <200>, using cache ('styx.ics.uci.edu', 9009).
2026-05-01 10:41:27,572 - Worker-0 - INFO - Downloaded https://purchase.ics.uci.edu/site/index, status <200>, using cache ('styx.ics.uci.edu', 9009).
2026-05-01 10:41:28,226 - Worker-0 - INFO - Downloaded https://wiki.ics.uci.edu/doku.php/webapps:purchase?do=login&sectok=, status <200>, using cache ('styx.ics.uci.edu', 9009).
2026-05-01 10:41:28,890 - Worker-0 - INFO - Downloaded https://wiki.ics.uci.edu/doku.php/webapps:purchase?do=index, status <200>, using cache ('styx.ics.uci.edu', 9009).
2026-05-01 10:41:29,553 - Worker-0 - INFO - Downloaded https://wiki.ics.uci.edu/doku.php/webapps:purchase?idx=wiki, status <200>, using cache ('styx.ics.uci.edu', 9009).
2026-05-01 10:41:30,213 - Worker-0 - INFO - Downloaded https://wiki.ics.uci.edu/doku.php/webapps:purchase?idx=webapps, status <200>, using cache ('styx.ics.uci.edu', 9009).
2026-05-01 10:41:30,874 - Worker-0 - INFO - Downloaded https://wiki.ics.uci.edu/doku.php/webapps:purchase?idx=virtual_environments, status <200>, using cache ('styx.ics.uci.edu', 9009).
2026-05-01 10:41:31,590 - Worker-0 - INFO - Downloaded https://wiki.ics.uci.edu/doku.php/virtual_environments:singularity, status <200>, using cache ('styx.ics.uci.edu', 9009).
2026-05-01 10:41:32,374 - Worker-0 - INFO - Downloaded https://wiki.ics.uci.edu/doku.php/virtual_environments:singularity?do=export_pdf, status <200>, using cache ('styx.ics.uci.edu', 9009).
2026-05-01 10:41:33,123 - Worker-0 - INFO - Downloaded https://wiki.ics.uci.edu/doku.php/virtual_environments:singularity?do=edit, status <200>, using cache ('styx.ics.uci.edu', 9009).
2026-05-01 10:41:33,856 - Worker-0 - INFO - Downloaded https://wiki.ics.uci.edu/doku.php/virtual_environments:singularity?do=, status <200>, using cache ('styx.ics.uci.edu', 9009).
2026-05-01 10:41:34,540 - Worker-0 - INFO - Downloaded https://wiki.ics.uci.edu/doku.php/services:harbor, status <200>, using cache ('styx.ics.uci.edu', 9009).
2026-05-01 10:41:35,168 - Worker-0 - INFO - Downloaded http://circinus-14.ics.uci.edu, status <601>, using cache ('styx.ics.uci.edu', 9009).
2026-05-01 10:41:35,842 - Worker-0 - INFO - Downloaded https://wiki.ics.uci.edu/doku.php/instructional_support:openlab, status <200>, using cache ('styx.ics.uci.edu', 9009).
2026-05-01 10:41:36,563 - Worker-0 - INFO - Downloaded https://wiki.ics.uci.edu/doku.php/instructional_support:openlab?do=export_pdf, status <200>, using cache ('styx.ics.uci.edu', 9009).
2026-05-01 10:41:37,251 - Worker-0 - INFO - Downloaded https://wiki.ics.uci.edu/doku.php/instructional_support:openlab?do=edit, status <200>, using cache ('styx.ics.uci.edu', 9009).
2026-05-01 10:41:37,959 - Worker-0 - INFO - Downloaded https://wiki.ics.uci.edu/doku.php/instructional_support:openlab?do=, status <200>, using cache ('styx.ics.uci.edu', 9009).
2026-05-01 10:41:38,639 - Worker-0 - INFO - Downloaded https://wiki.ics.uci.edu/doku.php/instructional_support:start, status <200>, using cache ('styx.ics.uci.edu', 9009).
2026-05-01 10:41:39,302 - Worker-0 - INFO - Downloaded https://wiki.ics.uci.edu/doku.php/instructional_support:start?do=edit, status <200>, using cache ('styx.ics.uci.edu', 9009).
2026-05-01 10:41:39,958 - Worker-0 - INFO - Downloaded https://wiki.ics.uci.edu/doku.php/instructional_support:start?do=login&sectok=, status <200>, using cache ('styx.ics.uci.edu', 9009).
2026-05-01 10:41:40,619 - Worker-0 - INFO - Downloaded https://wiki.ics.uci.edu/doku.php/instructional_support:start?do=index, status <200>, using cache ('styx.ics.uci.edu', 9009).
2026-05-01 10:41:41,299 - Worker-0 - INFO - Downloaded https://wiki.ics.uci.edu/doku.php/instructional_support:start?idx=wiki, status <200>, using cache ('styx.ics.uci.edu', 9009).
2026-05-01 10:41:41,966 - Worker-0 - INFO - Downloaded https://wiki.ics.uci.edu/doku.php/instructional_support:start?idx=webapps, status <200>, using cache ('styx.ics.uci.edu', 9009).
2026-05-01 10:41:42,626 - Worker-0 - INFO - Downloaded https://wiki.ics.uci.edu/doku.php/instructional_support:start?idx=virtual_environments, status <200>, using cache ('styx.ics.uci.edu', 9009).
2026-05-01 10:41:58,382 - Worker-0 - INFO - Downloaded https://wiki.ics.uci.edu/doku.php/instructional_support:start?idx=virtual_environments%3Aservices, status <200>, using cache ('styx.ics.uci.edu', 9009).
2026-05-01 10:41:59,049 - Worker-0 - INFO - Downloaded https://wiki.ics.uci.edu/doku.php/instructional_support:start?idx=storage, status <200>, using cache ('styx.ics.uci.edu', 9009).
2026-05-01 10:41:59,698 - Worker-0 - INFO - Downloaded https://wiki.ics.uci.edu/doku.php/instructional_support:start?idx=software, status <200>, using cache ('styx.ics.uci.edu', 9009).
2026-05-01 10:42:00,356 - Worker-0 - INFO - Downloaded https://wiki.ics.uci.edu/doku.php/instructional_support:start?idx=services, status <200>, using cache ('styx.ics.uci.edu', 9009).
2026-05-01 10:42:01,012 - Worker-0 - INFO - Downloaded https://wiki.ics.uci.edu/doku.php/instructional_support:start?idx=security, status <200>, using cache ('styx.ics.uci.edu', 9009).
2026-05-01 10:42:01,671 - Worker-0 - INFO - Downloaded https://wiki.ics.uci.edu/doku.php/security:zotdefend, status <200>, using cache ('styx.ics.uci.edu', 9009).
2026-05-01 10:42:02,388 - Worker-0 - INFO - Downloaded https://wiki.ics.uci.edu/doku.php/security:zotdefend?do=export_pdf, status <200>, using cache ('styx.ics.uci.edu', 9009).
2026-05-01 10:42:03,082 - Worker-0 - INFO - Downloaded https://wiki.ics.uci.edu/doku.php/security:zotdefend?do=edit, status <200>, using cache ('styx.ics.uci.edu', 9009).
2026-05-01 10:42:03,749 - Worker-0 - INFO - Downloaded https://wiki.ics.uci.edu/doku.php/security:zotdefend?do=, status <200>, using cache ('styx.ics.uci.edu', 9009).
2026-05-01 10:42:04,405 - Worker-0 - INFO - Downloaded https://wiki.ics.uci.edu/doku.php/security:zotdefend?do=login&sectok=, status <200>, using cache ('styx.ics.uci.edu', 9009).
2026-05-01 10:42:05,053 - Worker-0 - INFO - Downloaded https://wiki.ics.uci.edu/doku.php/security:zotdefend?do=index, status <200>, using cache ('styx.ics.uci.edu', 9009).
2026-05-01 10:42:05,716 - Worker-0 - INFO - Downloaded https://wiki.ics.uci.edu/doku.php/security:zotdefend?idx=wiki, status <200>, using cache ('styx.ics.uci.edu', 9009).
2026-05-01 10:42:06,376 - Worker-0 - INFO - Downloaded https://wiki.ics.uci.edu/doku.php/security:zotdefend?idx=webapps, status <200>, using cache ('styx.ics.uci.edu', 9009).
2026-05-01 10:42:07,031 - Worker-0 - INFO - Downloaded https://wiki.ics.uci.edu/doku.php/security:zotdefend?idx=virtual_environments, status <200>, using cache ('styx.ics.uci.edu', 9009).
2026-05-01 10:42:07,684 - Worker-0 - INFO - Downloaded https://wiki.ics.uci.edu/doku.php/security:zotdefend?idx=storage, status <200>, using cache ('styx.ics.uci.edu', 9009).
2026-05-01 10:42:08,394 - Worker-0 - INFO - Downloaded https://wiki.ics.uci.edu/doku.php/storage:onedrive, status <200>, using cache ('styx.ics.uci.edu', 9009).
2026-05-01 10:42:09,099 - Worker-0 - INFO - Downloaded https://wiki.ics.uci.edu/doku.php/storage:onedrive?do=export_pdf, status <200>, using cache ('styx.ics.uci.edu', 9009).
2026-05-01 10:42:09,782 - Worker-0 - INFO - Downloaded https://wiki.ics.uci.edu/doku.php/storage:onedrive?do=edit, status <200>, using cache ('styx.ics.uci.edu', 9009).
2026-05-01 10:42:10,446 - Worker-0 - INFO - Downloaded https://wiki.ics.uci.edu/doku.php/storage:onedrive?do=, status <200>, using cache ('styx.ics.uci.edu', 9009).
2026-05-01 10:42:11,108 - Worker-0 - INFO - Downloaded https://wiki.ics.uci.edu/doku.php/storage:onedrive?do=login&sectok=, status <200>, using cache ('styx.ics.uci.edu', 9009).
2026-05-01 10:42:11,764 - Worker-0 - INFO - Downloaded https://wiki.ics.uci.edu/doku.php/storage:onedrive?do=index, status <200>, using cache ('styx.ics.uci.edu', 9009).
2026-05-01 10:42:12,417 - Worker-0 - INFO - Downloaded https://wiki.ics.uci.edu/doku.php/storage:onedrive?idx=wiki, status <200>, using cache ('styx.ics.uci.edu', 9009).
2026-05-01 10:42:13,116 - Worker-0 - INFO - Downloaded https://wiki.ics.uci.edu/doku.php/wiki:syntax, status <200>, using cache ('styx.ics.uci.edu', 9009).
2026-05-01 10:42:13,811 - Worker-0 - INFO - Downloaded https://wiki.ics.uci.edu/doku.php/wiki:playground, status <200>, using cache ('styx.ics.uci.edu', 9009).
2026-05-01 10:42:14,472 - Worker-0 - INFO - Downloaded https://wiki.ics.uci.edu/doku.php/wiki:playground?do=export_pdf, status <200>, using cache ('styx.ics.uci.edu', 9009).
2026-05-01 10:42:15,144 - Worker-0 - INFO - Downloaded https://wiki.ics.uci.edu/doku.php/wiki:playground?do=edit, status <200>, using cache ('styx.ics.uci.edu', 9009).
2026-05-01 10:42:15,793 - Worker-0 - INFO - Downloaded https://wiki.ics.uci.edu/doku.php/wiki:playground?do=, status <200>, using cache ('styx.ics.uci.edu', 9009).
2026-05-01 10:42:16,450 - Worker-0 - INFO - Downloaded https://wiki.ics.uci.edu/doku.php/wiki:playground?do=login&sectok=, status <200>, using cache ('styx.ics.uci.edu', 9009).
2026-05-01 10:42:17,106 - Worker-0 - INFO - Downloaded https://wiki.ics.uci.edu/doku.php/wiki:playground?do=index, status <200>, using cache ('styx.ics.uci.edu', 9009).
2026-05-01 10:42:17,771 - Worker-0 - INFO - Downloaded https://wiki.ics.uci.edu/doku.php/wiki:playground?do=media&ns=wiki, status <200>, using cache ('styx.ics.uci.edu', 9009).
2026-05-01 10:42:18,434 - Worker-0 - INFO - Downloaded https://wiki.ics.uci.edu/doku.php/wiki:playground?do=recent, status <200>, using cache ('styx.ics.uci.edu', 9009).
2026-05-01 10:42:19,094 - Worker-0 - INFO - Downloaded https://wiki.ics.uci.edu/doku.php/start?do=recent, status <200>, using cache ('styx.ics.uci.edu', 9009).
2026-05-01 10:42:19,758 - Worker-0 - INFO - Downloaded https://wiki.ics.uci.edu/doku.php/start?tab_details=view&ns=webapps%3Apasted&image=webapps%3Apasted%3Ahome_signage.png&do=media, status <200>, using cache ('styx.ics.uci.edu', 9009).
2026-05-01 10:42:20,418 - Worker-0 - INFO - Downloaded https://wiki.ics.uci.edu/doku.php/start?tab_details=history&do=media&image=webapps%3Apasted%3Ahome_signage.png&ns=webapps%3Apasted, status <200>, using cache ('styx.ics.uci.edu', 9009).
2026-05-01 10:42:21,094 - Worker-0 - INFO - Downloaded https://wiki.ics.uci.edu/doku.php/start?tab_details=view&do=media&image=webapps%3Apasted%3Ahome_signage.png&ns=webapps%3Apasted, status <200>, using cache ('styx.ics.uci.edu', 9009).
2026-05-01 10:42:21,752 - Worker-0 - INFO - Downloaded https://wiki.ics.uci.edu/doku.php/start?tab_files=search&do=media&tab_details=history&image=webapps%3Apasted%3Ahome_signage.png&ns=webapps%3Apasted, status <200>, using cache ('styx.ics.uci.edu', 9009).
2026-05-01 10:42:22,413 - Worker-0 - INFO - Downloaded https://wiki.ics.uci.edu/doku.php/start?tab_details=view&ns=webapps%3Apasted&image=webapps%3Apasted%3Ahome_signage.png&do=media&tab_files=search, status <200>, using cache ('styx.ics.uci.edu', 9009).
2026-05-01 10:42:23,076 - Worker-0 - INFO - Downloaded https://wiki.ics.uci.edu/doku.php/start?tab_details=history&do=media&tab_files=search&image=webapps%3Apasted%3Ahome_signage.png&ns=webapps%3Apasted, status <200>, using cache ('styx.ics.uci.edu', 9009).
2026-05-01 10:42:23,755 - Worker-0 - INFO - Downloaded https://wiki.ics.uci.edu/doku.php/start?tab_files=files&do=media&tab_details=view&image=webapps%3Apasted%3Ahome_signage.png&ns=webapps%3Apasted, status <200>, using cache ('styx.ics.uci.edu', 9009).
2026-05-01 10:42:24,416 - Worker-0 - INFO - Downloaded https://wiki.ics.uci.edu/doku.php/start?tab_details=view&do=media&tab_files=search&image=webapps%3Apasted%3Ahome_signage.png&ns=webapps%3Apasted, status <200>, using cache ('styx.ics.uci.edu', 9009).
2026-05-01 10:42:25,075 - Worker-0 - INFO - Downloaded https://wiki.ics.uci.edu/doku.php/start?tab_files=files&do=media&tab_details=history&image=webapps%3Apasted%3Ahome_signage.png&ns=webapps%3Apasted, status <200>, using cache ('styx.ics.uci.edu', 9009).
2026-05-01 10:42:25,734 - Worker-0 - INFO - Downloaded https://wiki.ics.uci.edu/doku.php/start?tab_files=upload&do=media&tab_details=history&image=webapps%3Apasted%3Ahome_signage.png&ns=webapps%3Apasted, status <200>, using cache ('styx.ics.uci.edu', 9009).
2026-05-01 10:42:26,401 - Worker-0 - INFO - Downloaded https://wiki.ics.uci.edu/doku.php/start?tab_details=view&ns=webapps%3Apasted&image=webapps%3Apasted%3Ahome_signage.png&do=media&tab_files=upload, status <200>, using cache ('styx.ics.uci.edu', 9009).
2026-05-01 10:42:27,062 - Worker-0 - INFO - Downloaded https://wiki.ics.uci.edu/doku.php/start?tab_details=history&do=media&tab_files=upload&image=webapps%3Apasted%3Ahome_signage.png&ns=webapps%3Apasted, status <200>, using cache ('styx.ics.uci.edu', 9009).
2026-05-01 10:42:27,717 - Worker-0 - INFO - Downloaded https://wiki.ics.uci.edu/doku.php/start?tab_details=view&do=media&tab_files=upload&image=webapps%3Apasted%3Ahome_signage.png&ns=webapps%3Apasted, status <200>, using cache ('styx.ics.uci.edu', 9009).
2026-05-01 10:42:28,366 - Worker-0 - INFO - Downloaded https://wiki.ics.uci.edu/doku.php/start?ns=windows&tab_files=files&do=media&tab_details=history&image=webapps%3Apasted%3Ahome_signage.png, status <200>, using cache ('styx.ics.uci.edu', 9009).
2026-05-01 10:42:29,018 - Worker-0 - INFO - Downloaded https://wiki.ics.uci.edu/doku.php/start?tab_details=view&ns=webapps%3Apasted&image=webapps%3Apasted%3Ahome_signage.png&do=media&tab_files=files, status <200>, using cache ('styx.ics.uci.edu', 9009).
2026-05-01 10:42:29,682 - Worker-0 - INFO - Downloaded https://wiki.ics.uci.edu/doku.php/start?tab_details=view&do=media&tab_files=files&image=webapps%3Apasted%3Ahome_signage.png&ns=windows, status <200>, using cache ('styx.ics.uci.edu', 9009).
2026-05-01 10:42:30,340 - Worker-0 - INFO - Downloaded https://wiki.ics.uci.edu/doku.php/start?tab_details=history&do=media&tab_files=files&image=webapps%3Apasted%3Ahome_signage.png&ns=windows, status <200>, using cache ('styx.ics.uci.edu', 9009).
2026-05-01 10:42:31,002 - Worker-0 - INFO - Downloaded https://wiki.ics.uci.edu/doku.php/start?tab_files=search&do=media&tab_details=view&image=webapps%3Apasted%3Ahome_signage.png&ns=windows, status <200>, using cache ('styx.ics.uci.edu', 9009).
2026-05-01 10:42:31,669 - Worker-0 - INFO - Downloaded https://wiki.ics.uci.edu/doku.php/start?tab_details=history&do=media&tab_files=search&image=webapps%3Apasted%3Ahome_signage.png&ns=windows, status <200>, using cache ('styx.ics.uci.edu', 9009).
2026-05-01 10:42:32,323 - Worker-0 - INFO - Downloaded https://wiki.ics.uci.edu/doku.php/start?tab_details=view&do=media&tab_files=search&image=webapps%3Apasted%3Ahome_signage.png&ns=windows, status <200>, using cache ('styx.ics.uci.edu', 9009).
2026-05-01 10:42:32,993 - Worker-0 - INFO - Downloaded https://wiki.ics.uci.edu/doku.php/start?tab_files=files&do=media&tab_details=history&image=webapps%3Apasted%3Ahome_signage.png&ns=windows, status <200>, using cache ('styx.ics.uci.edu', 9009).
2026-05-01 10:42:33,647 - Worker-0 - INFO - Downloaded https://wiki.ics.uci.edu/doku.php/start?tab_files=files&do=media&tab_details=view&image=webapps%3Apasted%3Ahome_signage.png&ns=windows, status <200>, using cache ('styx.ics.uci.edu', 9009).
2026-05-01 10:42:34,299 - Worker-0 - INFO - Downloaded https://wiki.ics.uci.edu/doku.php/start?tab_files=upload&do=media&tab_details=view&image=webapps%3Apasted%3Ahome_signage.png&ns=windows, status <200>, using cache ('styx.ics.uci.edu', 9009).
2026-05-01 10:42:34,959 - Worker-0 - INFO - Downloaded https://wiki.ics.uci.edu/doku.php/start?tab_files=search&do=media&tab_details=history&image=webapps%3Apasted%3Ahome_signage.png&ns=windows, status <200>, using cache ('styx.ics.uci.edu', 9009).
2026-05-01 10:42:35,616 - Worker-0 - INFO - Downloaded https://wiki.ics.uci.edu/doku.php/start?tab_files=upload&do=media&tab_details=history&image=webapps%3Apasted%3Ahome_signage.png&ns=windows, status <200>, using cache ('styx.ics.uci.edu', 9009).
2026-05-01 10:42:36,276 - Worker-0 - INFO - Downloaded https://wiki.ics.uci.edu/doku.php/start?ns=wiki&tab_files=files&do=media&tab_details=history&image=webapps%3Apasted%3Ahome_signage.png, status <200>, using cache ('styx.ics.uci.edu', 9009).
2026-05-01 10:42:36,937 - Worker-0 - INFO - Downloaded https://wiki.ics.uci.edu/doku.php/start?tab_details=view&do=media&tab_files=files&image=webapps%3Apasted%3Ahome_signage.png&ns=wiki, status <200>, using cache ('styx.ics.uci.edu', 9009).
2026-05-01 10:42:37,600 - Worker-0 - INFO - Downloaded https://wiki.ics.uci.edu/doku.php/start?tab_details=history&do=media&tab_files=files&image=webapps%3Apasted%3Ahome_signage.png&ns=wiki, status <200>, using cache ('styx.ics.uci.edu', 9009).
2026-05-01 10:42:38,270 - Worker-0 - INFO - Downloaded https://wiki.ics.uci.edu/doku.php/start?tab_files=search&do=media&tab_details=view&image=webapps%3Apasted%3Ahome_signage.png&ns=wiki, status <200>, using cache ('styx.ics.uci.edu', 9009).
2026-05-01 10:42:38,925 - Worker-0 - INFO - Downloaded https://wiki.ics.uci.edu/doku.php/start?tab_files=upload&do=media&tab_details=view&image=webapps%3Apasted%3Ahome_signage.png&ns=wiki, status <200>, using cache ('styx.ics.uci.edu', 9009).
2026-05-01 10:42:39,586 - Worker-0 - INFO - Downloaded https://wiki.ics.uci.edu/doku.php/start?image=wiki%3Alogo.png&ns=wiki&tab_details=view&do=media&tab_files=files, status <200>, using cache ('styx.ics.uci.edu', 9009).
2026-05-01 10:42:40,242 - Worker-0 - INFO - Downloaded https://wiki.ics.uci.edu/doku.php/start?image=wiki%3Adokuwiki-128.png&ns=wiki&tab_details=view&do=media&tab_files=files, status <200>, using cache ('styx.ics.uci.edu', 9009).
2026-05-01 10:42:53,914 - Worker-0 - INFO - Downloaded https://wiki.ics.uci.edu/doku.php/start?tab_files=search&do=media&tab_details=history&image=webapps%3Apasted%3Ahome_signage.png&ns=wiki, status <200>, using cache ('styx.ics.uci.edu', 9009).
2026-05-01 10:43:04,636 - Worker-0 - INFO - Downloaded https://wiki.ics.uci.edu/doku.php/start?tab_files=upload&do=media&tab_details=history&image=webapps%3Apasted%3Ahome_signage.png&ns=wiki, status <200>, using cache ('styx.ics.uci.edu', 9009).
2026-05-01 10:43:05,303 - Worker-0 - INFO - Downloaded https://wiki.ics.uci.edu/doku.php/start?tab_details=view&do=media&tab_files=upload&image=webapps%3Apasted%3Ahome_signage.png&ns=wiki, status <200>, using cache ('styx.ics.uci.edu', 9009).
2026-05-01 10:43:05,994 - Worker-0 - INFO - Downloaded https://wiki.ics.uci.edu/doku.php/start?tab_files=files&do=media&tab_details=history&image=webapps%3Apasted%3Ahome_signage.png&ns=wiki, status <200>, using cache ('styx.ics.uci.edu', 9009).
2026-05-01 10:43:06,647 - Worker-0 - INFO - Downloaded https://wiki.ics.uci.edu/doku.php/start?ns=webapps%3Apasted&tab_files=files&do=media&tab_details=history&image=webapps%3Apasted%3Ahome_signage.png, status <200>, using cache ('styx.ics.uci.edu', 9009).
2026-05-01 10:43:07,304 - Worker-0 - INFO - Downloaded https://wiki.ics.uci.edu/doku.php/start?ns=webapps&tab_files=files&do=media&tab_details=history&image=webapps%3Apasted%3Ahome_signage.png, status <200>, using cache ('styx.ics.uci.edu', 9009).
2026-05-01 10:43:07,965 - Worker-0 - INFO - Downloaded https://wiki.ics.uci.edu/doku.php/start?ns=virtual_environments&tab_files=files&do=media&tab_details=history&image=webapps%3Apasted%3Ahome_signage.png, status <200>, using cache ('styx.ics.uci.edu', 9009).
2026-05-01 10:43:08,617 - Worker-0 - INFO - Downloaded https://wiki.ics.uci.edu/doku.php/start?ns=software&tab_files=files&do=media&tab_details=history&image=webapps%3Apasted%3Ahome_signage.png, status <200>, using cache ('styx.ics.uci.edu', 9009).
2026-05-01 10:43:09,290 - Worker-0 - INFO - Downloaded https://wiki.ics.uci.edu/doku.php/start?ns=services&tab_files=files&do=media&tab_details=history&image=webapps%3Apasted%3Ahome_signage.png, status <200>, using cache ('styx.ics.uci.edu', 9009).
2026-05-01 10:43:22,981 - Worker-0 - INFO - Downloaded https://wiki.ics.uci.edu/doku.php/start?tab_details=view&do=media&tab_files=files&image=webapps%3Apasted%3Ahome_signage.png&ns=services, status <200>, using cache ('styx.ics.uci.edu', 9009).
2026-05-01 10:43:31,663 - Worker-0 - INFO - Downloaded https://wiki.ics.uci.edu/doku.php/start?tab_files=search&do=media&tab_details=history&image=webapps%3Apasted%3Ahome_signage.png&ns=services, status <200>, using cache ('styx.ics.uci.edu', 9009).
2026-05-01 10:43:40,337 - Worker-0 - INFO - Downloaded https://wiki.ics.uci.edu/doku.php/start?tab_files=upload&do=media&tab_details=history&image=webapps%3Apasted%3Ahome_signage.png&ns=services, status <200>, using cache ('styx.ics.uci.edu', 9009).
2026-05-01 10:43:53,075 - Worker-0 - INFO - Downloaded https://wiki.ics.uci.edu/doku.php/start?tab_details=view&do=media&tab_files=upload&image=webapps%3Apasted%3Ahome_signage.png&ns=services, status <200>, using cache ('styx.ics.uci.edu', 9009).
2026-05-01 10:44:00,765 - Worker-0 - INFO - Downloaded https://wiki.ics.uci.edu/doku.php/start?tab_details=history&do=media&tab_files=upload&image=webapps%3Apasted%3Ahome_signage.png&ns=services, status <200>, using cache ('styx.ics.uci.edu', 9009).
2026-05-01 10:44:01,430 - Worker-0 - INFO - Downloaded https://wiki.ics.uci.edu/doku.php/start?tab_files=search&do=media&tab_details=view&image=webapps%3Apasted%3Ahome_signage.png&ns=services, status <200>, using cache ('styx.ics.uci.edu', 9009).
2026-05-01 10:44:09,098 - Worker-0 - INFO - Downloaded https://wiki.ics.uci.edu/doku.php/start?tab_details=history&do=media&tab_files=search&image=webapps%3Apasted%3Ahome_signage.png&ns=services, status <200>, using cache ('styx.ics.uci.edu', 9009).
2026-05-01 10:44:14,776 - Worker-0 - INFO - Downloaded https://wiki.ics.uci.edu/doku.php/start?tab_files=upload&do=media&tab_details=view&image=webapps%3Apasted%3Ahome_signage.png&ns=services, status <200>, using cache ('styx.ics.uci.edu', 9009).
2026-05-01 10:44:23,445 - Worker-0 - INFO - Downloaded https://wiki.ics.uci.edu/doku.php/start?tab_files=files&do=media&tab_details=view&image=webapps%3Apasted%3Ahome_signage.png&ns=services, status <200>, using cache ('styx.ics.uci.edu', 9009).
2026-05-01 10:44:24,111 - Worker-0 - INFO - Downloaded https://wiki.ics.uci.edu/doku.php/start?ns=services%3Asun_grid_engine&tab_files=files&do=media&tab_details=view&image=webapps%3Apasted%3Ahome_signage.png, status <200>, using cache ('styx.ics.uci.edu', 9009).
2026-05-01 10:44:30,892 - Worker-0 - INFO - Downloaded https://wiki.ics.uci.edu/doku.php/start?tab_details=history&do=media&tab_files=files&image=webapps%3Apasted%3Ahome_signage.png&ns=services%3Asun_grid_engine, status <200>, using cache ('styx.ics.uci.edu', 9009).
2026-05-01 10:44:37,558 - Worker-0 - INFO - Downloaded https://wiki.ics.uci.edu/doku.php/start?tab_files=search&do=media&tab_details=view&image=webapps%3Apasted%3Ahome_signage.png&ns=services%3Asun_grid_engine, status <200>, using cache ('styx.ics.uci.edu', 9009).
2026-05-01 10:44:46,240 - Worker-0 - INFO - Downloaded https://wiki.ics.uci.edu/doku.php/start?tab_files=upload&do=media&tab_details=view&image=webapps%3Apasted%3Ahome_signage.png&ns=services%3Asun_grid_engine, status <200>, using cache ('styx.ics.uci.edu', 9009).
2026-05-01 10:44:54,923 - Worker-0 - INFO - Downloaded https://wiki.ics.uci.edu/doku.php/start?tab_details=history&do=media&tab_files=upload&image=webapps%3Apasted%3Ahome_signage.png&ns=services%3Asun_grid_engine, status <200>, using cache ('styx.ics.uci.edu', 9009).
2026-05-01 10:45:03,622 - Worker-0 - INFO - Downloaded https://wiki.ics.uci.edu/doku.php/start?tab_files=files&do=media&tab_details=view&image=webapps%3Apasted%3Ahome_signage.png&ns=services%3Asun_grid_engine, status <200>, using cache ('styx.ics.uci.edu', 9009).
2026-05-01 10:45:11,406 - Worker-0 - INFO - Downloaded https://wiki.ics.uci.edu/doku.php/start?ns=services%3Apurchases&tab_files=files&do=media&tab_details=view&image=webapps%3Apasted%3Ahome_signage.png, status <200>, using cache ('styx.ics.uci.edu', 9009).
2026-05-01 10:45:12,073 - Worker-0 - INFO - Downloaded https://wiki.ics.uci.edu/doku.php/start?ns=services%3Adatacenter&tab_files=files&do=media&tab_details=view&image=webapps%3Apasted%3Ahome_signage.png, status <200>, using cache ('styx.ics.uci.edu', 9009).
2026-05-01 10:45:12,741 - Worker-0 - INFO - Downloaded https://wiki.ics.uci.edu/doku.php/start?ns=services%3Adatabase&tab_files=files&do=media&tab_details=view&image=webapps%3Apasted%3Ahome_signage.png, status <200>, using cache ('styx.ics.uci.edu', 9009).
2026-05-01 10:45:18,406 - Worker-0 - INFO - Downloaded https://wiki.ics.uci.edu/doku.php/start?tab_files=files&do=media&tab_details=history&image=webapps%3Apasted%3Ahome_signage.png&ns=services, status <200>, using cache ('styx.ics.uci.edu', 9009).
2026-05-01 10:45:19,087 - Worker-0 - INFO - Downloaded https://wiki.ics.uci.edu/doku.php/start?ns=services%3Asun_grid_engine&tab_files=files&do=media&tab_details=history&image=webapps%3Apasted%3Ahome_signage.png, status <200>, using cache ('styx.ics.uci.edu', 9009).
2026-05-01 10:45:27,786 - Worker-0 - INFO - Downloaded https://wiki.ics.uci.edu/doku.php/start?ns=services%3Apurchases&tab_files=files&do=media&tab_details=history&image=webapps%3Apasted%3Ahome_signage.png, status <200>, using cache ('styx.ics.uci.edu', 9009).
2026-05-01 10:45:34,486 - Worker-0 - INFO - Downloaded https://wiki.ics.uci.edu/doku.php/start?ns=services%3Adatacenter&tab_files=files&do=media&tab_details=history&image=webapps%3Apasted%3Ahome_signage.png, status <200>, using cache ('styx.ics.uci.edu', 9009).
2026-05-01 10:45:41,158 - Worker-0 - INFO - Downloaded https://wiki.ics.uci.edu/doku.php/start?ns=services%3Adatabase&tab_files=files&do=media&tab_details=history&image=webapps%3Apasted%3Ahome_signage.png, status <200>, using cache ('styx.ics.uci.edu', 9009).
2026-05-01 10:45:41,826 - Worker-0 - INFO - Downloaded https://wiki.ics.uci.edu/doku.php/start?ns=security&tab_files=files&do=media&tab_details=history&image=webapps%3Apasted%3Ahome_signage.png, status <200>, using cache ('styx.ics.uci.edu', 9009).
2026-05-01 10:45:48,499 - Worker-0 - INFO - Downloaded https://wiki.ics.uci.edu/doku.php/start?tab_details=view&do=media&tab_files=files&image=webapps%3Apasted%3Ahome_signage.png&ns=security, status <200>, using cache ('styx.ics.uci.edu', 9009).
2026-05-01 10:45:49,177 - Worker-0 - INFO - Downloaded https://wiki.ics.uci.edu/doku.php/start?tab_details=history&do=media&tab_files=files&image=webapps%3Apasted%3Ahome_signage.png&ns=security, status <200>, using cache ('styx.ics.uci.edu', 9009).
2026-05-01 10:45:49,834 - Worker-0 - INFO - Downloaded https://wiki.ics.uci.edu/doku.php/start?tab_files=search&do=media&tab_details=view&image=webapps%3Apasted%3Ahome_signage.png&ns=security, status <200>, using cache ('styx.ics.uci.edu', 9009).
2026-05-01 10:45:56,565 - Worker-0 - INFO - Downloaded https://wiki.ics.uci.edu/doku.php/start?tab_files=upload&do=media&tab_details=view&image=webapps%3Apasted%3Ahome_signage.png&ns=security, status <200>, using cache ('styx.ics.uci.edu', 9009).
2026-05-01 10:46:04,347 - Worker-0 - INFO - Downloaded https://wiki.ics.uci.edu/doku.php/start?ns=security%3Apasted&tab_files=files&do=media&tab_details=view&image=webapps%3Apasted%3Ahome_signage.png, status <200>, using cache ('styx.ics.uci.edu', 9009).
